Copyright 1986-2022 Xilinx, Inc. All Rights Reserved. Copyright 2022-2024 Advanced Micro Devices, Inc. All Rights Reserved.
---------------------------------------------------------------------------------------------------------------------------------------------
| Tool Version : Vivado v.2024.2 (win64) Build 5239630 Fri Nov 08 22:35:27 MST 2024
| Date         : Sun Jan 25 23:11:21 2026
| Host         : DESKTOP-3BSBBCD running 64-bit major release  (build 9200)
| Command      : report_utilization -hierarchical -file util_hier.rpt
| Design       : pll_top
| Device       : xck24-ubva530-2LVI-i
| Speed File   : -2LVI
| Design State : Routed
---------------------------------------------------------------------------------------------------------------------------------------------

Utilization Design Information

Table of Contents
-----------------
1. Utilization by Hierarchy

1. Utilization by Hierarchy
---------------------------

+-------------+--------+------------+------------+---------+------+-----+--------+--------+------+------------+
|   Instance  | Module | Total LUTs | Logic LUTs | LUTRAMs | SRLs | FFs | RAMB36 | RAMB18 | URAM | DSP Blocks |
+-------------+--------+------------+------------+---------+------+-----+--------+--------+------+------------+
| pll_top     |  (top) |        112 |        112 |       0 |    0 |  71 |      0 |      0 |    0 |          0 |
|   (pll_top) |  (top) |          0 |          0 |       0 |    0 |   0 |      0 |      0 |    0 |          0 |
|   u_lf      |     lf |         32 |         32 |       0 |    0 |  17 |      0 |      0 |    0 |          0 |
|   u_nco     |    nco |         32 |         32 |       0 |    0 |  18 |      0 |      0 |    0 |          0 |
|   u_pd      |     pd |         49 |         49 |       0 |    0 |  36 |      0 |      0 |    0 |          0 |
+-------------+--------+------------+------------+---------+------+-----+--------+--------+------+------------+
* Note: The sum of lower-level cells may be larger than their parent cells total, due to cross-hierarchy LUT combining


